// Jest Snapshot v1, https://goo.gl/fbAQLP

exports[`index.test.jsx renders correctly 1`] = `
<Footer
  intl={
    Object {
      "defaultFormats": Object {},
      "defaultLocale": "en",
      "formatDate": [Function],
      "formatHTMLMessage": [Function],
      "formatMessage": [Function],
      "formatNumber": [Function],
      "formatPlural": [Function],
      "formatRelative": [Function],
      "formatTime": [Function],
      "formats": Object {},
      "formatters": Object {
        "getDateTimeFormat": [Function],
        "getMessageFormat": [Function],
        "getNumberFormat": [Function],
        "getPluralFormat": [Function],
        "getRelativeFormat": [Function],
      },
      "locale": "en-NZ",
      "messages": Object {
        "404": "The link may be broken or the page may have been removed. ",
        "APP_TITLE": "**APP_TITLE**",
        "BACK": "Back",
        "BY": "By ",
        "CANCEL": "Cancel",
        "CHANGE": "Change",
        "CLEAR_INPUT": "Clear input. ",
        "CLOSED": "Closed",
        "CONTINUE": "Continue",
        "DATE": "Date",
        "DATE_OF_BIRTH": "Date of birth",
        "DAY": "Day",
        "DELETE": "Delete",
        "DESCRIPTION": "Description",
        "DETAILS": "Details",
        "DONE": "Done",
        "EDIT": "Edit",
        "EMAIL": "Email",
        "FACEBOOK": "Facebook",
        "FINISH": "Finish",
        "FOOTER_DISCLAIMER": "**APP_TITLE** Â© 2018 All Rights Reserved",
        "FROM": "From",
        "FULL_NAME": "Full name",
        "GOT_IT": "Got it!",
        "GO_TO_LOGIN": "Go to login",
        "GREETING": "Hi ",
        "HOME": "Home",
        "IS": "Is ",
        "LOADING": "Loading...",
        "LOGIN": "Login",
        "LOG_IN": "Log in",
        "LOG_OUT": "Log out",
        "MENU": "Menu",
        "NEXT": "Next",
        "NO": "No",
        "NONE": "None",
        "NO_ACCESS_HEADING": "No Access",
        "NO_ACCESS_TEXT": "Sorry, your account permissions do not allow you to access this page.",
        "NO_THANKS": "No thanks",
        "NUMBER": "Number",
        "OF": " of ",
        "PREV": "Prev",
        "PRIVACY": "Privacy",
        "REMOVE": "Remove",
        "SEARCH": "Search",
        "SEND": "Send",
        "SITE_DOWN_FOR_MAINTENANCE": "Site down for maintenance",
        "SITE_INFORMATION": "Site information",
        "TERMS_OF_USE": "Terms of use",
        "THANKS": "Thanks",
        "THANK_YOU": "Thank you",
        "VERSION": "Version",
        "YES": "Yes",
      },
      "now": [Function],
      "onError": [Function],
      "textComponent": "span",
      "timeZone": null,
    }
  }
/>
`;
