// Jest Snapshot v1, https://goo.gl/fbAQLP

exports[`index.test.jsx renders correctly 1`] = `
<Router
  history={
    Object {
      "action": "POP",
      "block": [Function],
      "createHref": [Function],
      "go": [Function],
      "goBack": [Function],
      "goForward": [Function],
      "listen": [Function],
      "location": Object {
        "hash": "",
        "pathname": "/",
        "search": "",
        "state": undefined,
      },
      "push": [Function],
      "replace": [Function],
    }
  }
>
  <Header
    mobileMenuIsOpen={false}
    toggleMobileMenu={[MockFunction]}
  />
</Router>
`;
