// Jest Snapshot v1, https://goo.gl/fbAQLP

exports[`index.test.jsx renders correctly 1`] = `
<div
  className="Card "
>
  Card text 
</div>
`;
